
> vite_react_shadcn_ts@0.0.0 build
> vite build

[36mvite v5.4.19 [32mbuilding for production...[36m[39m
transforming...
node.exe : Browserslist: browsers data (caniuse-lite) is 9 months old. Please 
run:
At line:1 char:1
+ & "C:\Program Files\nodejs/node.exe" "C:\Program Files\nodejs/node_mo ...
+ ~~~~~~~~~~~~~~~~~~~~~~~~~~~~~~~~~~~~~~~~~~~~~~~~~~~~~~~~~~~~~~~~~~~~~
    + CategoryInfo          : NotSpecified: (Browserslist: b...ld. Please run: 
   :String) [], RemoteException
    + FullyQualifiedErrorId : NativeCommandError
 
  npx update-browserslist-db@latest
  Why you should do it regularly: 
https://github.com/browserslist/update-db#readme
[32m✓[39m 51 modules transformed.
[31mx[39m Build failed in 4.37s
[31merror during build:
[31m[vite:load-fallback] Could not load 
C:\Users\yasht\OneDrive\Desktop\clearance-hub\src/hooks/use-toast.jsx 
(imported by src/components/ui/toaster.jsx): ENOENT: no such file or 
directory, open 
'C:\Users\yasht\OneDrive\Desktop\clearance-hub\src\hooks\use-toast.jsx'[31m
    at async open (node:internal/fs/promises:637:25)
    at async Object.readFile (node:internal/fs/promises:1269:14)
    at async Object.load (file:///C:/Users/yasht/OneDrive/Desktop/clearance-hub
/node_modules/vite/dist/node/chunks/dep-C6uTJdX2.js:65341:25)
    at async PluginDriver.hookFirstAndGetPlugin (file:///C:/Users/yasht/OneDriv
e/Desktop/clearance-hub/node_modules/rollup/dist/es/shared/node-entry.js:20630:
28)
    at async file:///C:/Users/yasht/OneDrive/Desktop/clearance-hub/node_modules
/rollup/dist/es/shared/node-entry.js:19750:33
    at async Queue.work (file:///C:/Users/yasht/OneDrive/Desktop/clearance-hub/
node_modules/rollup/dist/es/shared/node-entry.js:20840:32)[39m
